// Jest Snapshot v1, https://goo.gl/fbAQLP

exports[`pruebas en CounterApp debe de hacer match con el snapshot 1`] = `
<div>
  <h1>
    CounterApp
  </h1>
  <h2>
     
    10
     
  </h2>
  <button
    type="button"
  >
    -1
  </button>
  <button
    type="button"
  >
    +1
  </button>
  <button
    aria-label="btn-reset"
    type="button"
  >
    Reset
  </button>
</div>
`;
