// Jest Snapshot v1, https://goo.gl/fbAQLP

exports[`pruebas en FirstApp debe de hacer match con el snapshot 1`] = `
<div>
  <h1
    data-testid="test-title"
  >
    Hola, soy Efrain
  </h1>
  <p>
    No hay subTitle
  </p>
  <p>
    Efrain Garcia
  </p>
</div>
`;
